// Jest Snapshot v1, https://goo.gl/fbAQLP

exports[`PostTrendModal snapshot 1`] = `
<v-row-stub
  justify="center"
  tag="div"
>
  <v-dialog-stub
    closedelay="0"
    contentclass=""
    maxwidth="none"
    opendelay="0"
    origin="center center"
    retainfocus="true"
    transition="dialog-transition"
    width="auto"
  >
    <v-card-stub
      loaderheight="4"
      tag="div"
    >
      <v-card-title-stub>
        <p
          class="text-h5"
        >
          Trend
        </p>
      </v-card-title-stub>
      <v-card-text-stub>
        <v-container-stub
          tag="div"
        >
          <v-row-stub
            tag="div"
          >
            <v-col-stub
              cols="12"
              tag="div"
            >
              <v-select-stub
                appendicon="$dropdown"
                backgroundcolor=""
                chips="true"
                clearicon="$clear"
                deletablechips="true"
                errorcount="1"
                errormessages=""
                itemcolor="primary"
                itemdisabled="disabled"
                items="[object Object],[object Object]"
                itemtext="text"
                itemvalue="value"
                label="カテゴリー"
                loaderheight="2"
                menuprops="[object Object]"
                messages=""
                multiple="true"
                nodatatext="$vuetify.noDataText"
                rules=""
                successmessages=""
                type="text"
                value=""
                valuecomparator="[Function]"
              />
            </v-col-stub>
            <v-col-stub
              cols="6"
              tag="div"
            >
              <v-text-field-stub
                backgroundcolor=""
                clearable="true"
                clearicon="$clear"
                errorcount="1"
                errormessages=""
                label="URL*"
                loaderheight="2"
                messages=""
                required="required"
                rules=""
                successmessages=""
                type="text"
                value=""
              />
            </v-col-stub>
            <v-col-stub
              class="ogp"
              cols="6"
              tag="div"
            >
              <!---->
            </v-col-stub>
            <v-col-stub
              cols="12"
              tag="div"
            >
              <v-textarea-stub
                backgroundcolor=""
                clearable="true"
                clearicon="$clear"
                errorcount="1"
                errormessages=""
                label="コメントを入力"
                loaderheight="2"
                messages=""
                name="input-comment"
                rowheight="24"
                rows="5"
                rules=""
                solo="true"
                successmessages=""
                type="text"
                value=""
              />
            </v-col-stub>
          </v-row-stub>
        </v-container-stub>
      </v-card-text-stub>
      <v-card-actions-stub
        class="btn-wrapper"
      >
        <v-spacer-stub>
          <v-btn-stub
            activeclass=""
            color="green darken-1"
            tag="button"
            text="true"
            type="button"
          >
            キャンセル
          </v-btn-stub>
          <v-btn-stub
            activeclass=""
            color="green darken-1"
            tag="button"
            text="true"
            type="button"
          >
            投稿
          </v-btn-stub>
        </v-spacer-stub>
      </v-card-actions-stub>
    </v-card-stub>
  </v-dialog-stub>
</v-row-stub>
`;
