// Jest Snapshot v1, https://goo.gl/fbAQLP

exports[`OgpCard snapshot 1`] = `
<a
  class="ogp-card"
  href="https://github.com/"
  target="_blank"
>
  <v-card-stub
    loaderheight="4"
    tag="div"
  >
    <div
      class="d-flex flex-no-wrap justify-space-between"
    >
      <div
        class="img-wrapper"
      >
        <v-avatar-stub
          class="ma-3"
          size="100"
          tile="true"
        >
          <v-img-stub
            class="ogp-img"
            options="[object Object]"
            position="center center"
            src="https://github.githubassets.com/images/modules/open_graph/github-logo.png"
            transition="fade-transition"
          />
        </v-avatar-stub>
      </div>
      <div>
        <v-card-title-stub>
          GitHub
        </v-card-title-stub>
        <v-card-subtitle-stub>
          GitHub is where people build software. More than 65 million people use GitHub to discover, fork, and contribute to over 200 million projects.
        </v-card-subtitle-stub>
      </div>
    </div>
  </v-card-stub>
</a>
`;
