// Jest Snapshot v1, https://goo.gl/fbAQLP

exports[`Trends snapshot 1`] = `
<v-content-stub
  class="trend-root"
  org="[object Object]"
  tag="main"
>
  <post-trend-modal-stub
    options="[object Object],[object Object]"
    org="[object Object]"
  />
  <div
    class="trend-list"
  >
    <trend-card-stub
      class="card"
      comment="Nuxt.js is amazing"
      org="[object Object]"
      tags="[object Object],[object Object]"
    />
    <trend-card-stub
      class="card"
      comment="Nuxt.js is amazing"
      org="[object Object]"
      tags="[object Object],[object Object]"
    />
    <trend-card-stub
      class="card"
      comment="Nuxt.js is amazing"
      org="[object Object]"
      tags="[object Object],[object Object]"
    />
  </div>
</v-content-stub>
`;
